" test iObject Numbers

-i
j
+i
j
j k
-j -k
-jax
axk
axjax
ax -k ax

